// Jest Snapshot v1, https://goo.gl/fbAQLP

exports[`json string and Map/Set can transform to each: Map/Set object 1`] = `
Object {
  "a": 1,
  "b": "test-me",
  "c": Object {
    "def": "ts2",
    "test2": Map {
      "aa" => "bb",
      "cc" => 2,
    },
    "test5": Object {
      "data": Set {
        1,
        4,
        "555",
      },
    },
  },
  "test3": Set {
    1,
    4,
    "555",
  },
  "test4": Map {
    "aa" => "bb",
    "cc" => 2,
  },
}
`;

exports[`json string and Map/Set can transform to each: Map/Set string 1`] = `"{\\"a\\":1,\\"b\\":\\"test-me\\",\\"c\\":{\\"def\\":\\"ts2\\",\\"test2\\":\\"new Map([[\\\\\\"aa\\\\\\",\\\\\\"bb\\\\\\"],[\\\\\\"cc\\\\\\",2]])\\",\\"test5\\":{\\"data\\":\\"new Set([1,4,\\\\\\"555\\\\\\"])\\"}},\\"test3\\":\\"new Set([1,4,\\\\\\"555\\\\\\"])\\",\\"test4\\":\\"new Map([[\\\\\\"aa\\\\\\",\\\\\\"bb\\\\\\"],[\\\\\\"cc\\\\\\",2]])\\"}"`;
